Component: ARM Compiler 5.06 update 6 (build 750) Tool: armlink [4d35ed]

==============================================================================

Section Cross References

    main.o(i.SystemClock_Config) refers to stm32f1xx_ll_utils.o(i.LL_Init1msTick) for LL_Init1msTick
    main.o(i.SystemClock_Config) refers to stm32f1xx_ll_utils.o(i.LL_SetSystemCoreClock) for LL_SetSystemCoreClock
    main.o(i.main) refers to main.o(i.SystemClock_Config) for SystemClock_Config
    main.o(i.main) refers to bordage.o(i.gpio_gigi_init) for gpio_gigi_init
    main.o(i.main) refers to bordage.o(i.timer_gigi_init) for timer_gigi_init
    main.o(i.main) refers to bordage.o(i.gpio_servom_init) for gpio_servom_init
    main.o(i.main) refers to bordage.o(i.timer_pwm_init) for timer_pwm_init
    main.o(i.main) refers to plateau.o(i.gpio_RF_init) for gpio_RF_init
    main.o(i.main) refers to plateau.o(i.timer_RF_init) for timer_RF_init
    main.o(i.main) refers to plateau.o(i.gpio_mcc_init) for gpio_mcc_init
    main.o(i.main) refers to plateau.o(i.timer_pwm_mcc_init) for timer_pwm_mcc_init
    main.o(i.main) refers to horloge_generale.o(i.timer_HG_init_st) for timer_HG_init_st
    main.o(i.main) refers to horloge_generale.o(i.run) for run
    bordage.o(i.LL_TIM_OC_SetMode) refers to bordage.o(.constdata) for OFFSET_TAB_CCMRx
    bordage.o(i.abso) refers to cfcmple.o(.text) for __aeabi_cfcmple
    bordage.o(i.bougerVoile) refers to bordage.o(i.abso) for abso
    bordage.o(i.bougerVoile) refers to cfcmple.o(.text) for __aeabi_cfcmple
    bordage.o(i.bougerVoile) refers to f2d.o(.text) for __aeabi_f2d
    bordage.o(i.bougerVoile) refers to dadd.o(.text) for __aeabi_dsub
    bordage.o(i.bougerVoile) refers to ddiv.o(.text) for __aeabi_ddiv
    bordage.o(i.bougerVoile) refers to d2f.o(.text) for __aeabi_d2f
    bordage.o(i.bougerVoile) refers to fflti.o(.text) for __aeabi_i2f
    bordage.o(i.bougerVoile) refers to fmul.o(.text) for __aeabi_fmul
    bordage.o(i.bougerVoile) refers to fadd.o(.text) for __aeabi_fadd
    bordage.o(i.bougerVoile) refers to ffixui.o(.text) for __aeabi_f2uiz
    bordage.o(i.bougerVoile) refers to bordage.o(.data) for angle
    bordage.o(i.get_angle) refers to fflti.o(.text) for __aeabi_i2f
    bordage.o(i.get_angle) refers to f2d.o(.text) for __aeabi_f2d
    bordage.o(i.get_angle) refers to ddiv.o(.text) for __aeabi_ddiv
    bordage.o(i.get_angle) refers to d2f.o(.text) for __aeabi_d2f
    bordage.o(i.get_angle) refers to cdrcmple.o(.text) for __aeabi_cdrcmple
    bordage.o(i.get_angle) refers to fadd.o(.text) for __aeabi_fsub
    bordage.o(i.get_angle) refers to cdcmple.o(.text) for __aeabi_cdcmple
    bordage.o(i.get_angle) refers to bordage.o(.data) for angle
    bordage.o(i.gpio_gigi_init) refers to bordage.o(i.LL_APB2_GRP1_EnableClock) for LL_APB2_GRP1_EnableClock
    bordage.o(i.gpio_gigi_init) refers to bordage.o(i.LL_GPIO_SetPinMode) for LL_GPIO_SetPinMode
    bordage.o(i.gpio_servom_init) refers to bordage.o(i.LL_APB2_GRP1_EnableClock) for LL_APB2_GRP1_EnableClock
    bordage.o(i.gpio_servom_init) refers to stm32f1xx_ll_gpio.o(i.LL_GPIO_Init) for LL_GPIO_Init
    bordage.o(i.timer_gigi_init) refers to stm32f1xx_ll_tim.o(i.LL_TIM_ENCODER_Init) for LL_TIM_ENCODER_Init
    bordage.o(i.timer_gigi_init) refers to bordage.o(i.LL_TIM_EnableCounter) for LL_TIM_EnableCounter
    bordage.o(i.timer_pwm_init) refers to bordage.o(i.LL_APB2_GRP1_EnableClock) for LL_APB2_GRP1_EnableClock
    bordage.o(i.timer_pwm_init) refers to stm32f1xx_ll_tim.o(i.LL_TIM_Init) for LL_TIM_Init
    bordage.o(i.timer_pwm_init) refers to bordage.o(i.LL_TIM_OC_SetMode) for LL_TIM_OC_SetMode
    bordage.o(i.timer_pwm_init) refers to bordage.o(i.LL_TIM_EnableCounter) for LL_TIM_EnableCounter
    horloge_generale.o(i.SysTick_Handler) refers to horloge_generale.o(.data) for Ptr_ItFct_SysTick
    horloge_generale.o(i.funITinit_st) refers to horloge_generale.o(.data) for Ptr_ItFct_SysTick
    horloge_generale.o(i.run) refers to bordage.o(i.get_angle) for get_angle
    horloge_generale.o(i.run) refers to bordage.o(i.bougerVoile) for bougerVoile
    horloge_generale.o(i.run) refers to plateau.o(i.get_vitesse_sens) for get_vitesse_sens
    horloge_generale.o(i.run) refers to plateau.o(i.bougerPlateau) for bougerPlateau
    horloge_generale.o(i.run) refers to horloge_generale.o(.data) for girouette
    horloge_generale.o(i.run_IT) refers to horloge_generale.o(.data) for girouette
    horloge_generale.o(i.timer_HG_init_st) refers to horloge_generale.o(i.funITinit_st) for funITinit_st
    horloge_generale.o(i.timer_HG_init_st) refers to horloge_generale.o(i.run_IT) for run_IT
    horloge_generale.o(i.timer_HG_init_st) refers to horloge_generale.o(.data) for girouette
    plateau.o(i.LL_TIM_OC_SetMode) refers to plateau.o(.constdata) for OFFSET_TAB_CCMRx
    plateau.o(i.bougerPlateau) refers to bordage.o(i.abso) for abso
    plateau.o(i.bougerPlateau) refers to f2d.o(.text) for __aeabi_f2d
    plateau.o(i.bougerPlateau) refers to cdcmple.o(.text) for __aeabi_cdcmple
    plateau.o(i.bougerPlateau) refers to dadd.o(.text) for __aeabi_dsub
    plateau.o(i.bougerPlateau) refers to ddiv.o(.text) for __aeabi_ddiv
    plateau.o(i.bougerPlateau) refers to dmul.o(.text) for __aeabi_dmul
    plateau.o(i.bougerPlateau) refers to d2f.o(.text) for __aeabi_d2f
    plateau.o(i.bougerPlateau) refers to ffixi.o(.text) for __aeabi_f2iz
    plateau.o(i.bougerPlateau) refers to plateau.o(.data) for sens
    plateau.o(i.get_vitesse_sens) refers to fflti.o(.text) for __aeabi_i2f
    plateau.o(i.get_vitesse_sens) refers to f2d.o(.text) for __aeabi_f2d
    plateau.o(i.get_vitesse_sens) refers to ddiv.o(.text) for __aeabi_ddiv
    plateau.o(i.get_vitesse_sens) refers to dmul.o(.text) for __aeabi_dmul
    plateau.o(i.get_vitesse_sens) refers to dadd.o(.text) for __aeabi_dsub
    plateau.o(i.get_vitesse_sens) refers to d2f.o(.text) for __aeabi_d2f
    plateau.o(i.get_vitesse_sens) refers to cdrcmple.o(.text) for __aeabi_cdrcmple
    plateau.o(i.get_vitesse_sens) refers to plateau.o(.data) for vitesse
    plateau.o(i.gpio_RF_init) refers to plateau.o(i.LL_APB2_GRP1_EnableClock) for LL_APB2_GRP1_EnableClock
    plateau.o(i.gpio_mcc_init) refers to plateau.o(i.LL_APB2_GRP1_EnableClock) for LL_APB2_GRP1_EnableClock
    plateau.o(i.gpio_mcc_init) refers to stm32f1xx_ll_gpio.o(i.LL_GPIO_Init) for LL_GPIO_Init
    plateau.o(i.timer_RF_init) refers to plateau.o(i.LL_APB1_GRP1_EnableClock) for LL_APB1_GRP1_EnableClock
    plateau.o(i.timer_RF_init) refers to stm32f1xx_ll_tim.o(i.LL_TIM_Init) for LL_TIM_Init
    plateau.o(i.timer_RF_init) refers to plateau.o(i.LL_TIM_EnableCounter) for LL_TIM_EnableCounter
    plateau.o(i.timer_RF_init) refers to plateau.o(.data) for vitesse
    plateau.o(i.timer_pwm_mcc_init) refers to plateau.o(i.LL_APB1_GRP1_EnableClock) for LL_APB1_GRP1_EnableClock
    plateau.o(i.timer_pwm_mcc_init) refers to stm32f1xx_ll_tim.o(i.LL_TIM_Init) for LL_TIM_Init
    plateau.o(i.timer_pwm_mcc_init) refers to plateau.o(i.LL_TIM_OC_SetMode) for LL_TIM_OC_SetMode
    plateau.o(i.timer_pwm_mcc_init) refers to plateau.o(i.LL_TIM_EnableCounter) for LL_TIM_EnableCounter
    stm32f1xx_ll_rcc.o(i.LL_RCC_DeInit) refers to stm32f1xx_ll_rcc.o(i.LL_RCC_PLL_IsReady) for LL_RCC_PLL_IsReady
    stm32f1xx_ll_rcc.o(i.LL_RCC_GetADCClockFreq) refers to main.o(i.assert_failed) for assert_failed
    stm32f1xx_ll_rcc.o(i.LL_RCC_GetADCClockFreq) refers to stm32f1xx_ll_rcc.o(i.RCC_GetSystemClockFreq) for RCC_GetSystemClockFreq
    stm32f1xx_ll_rcc.o(i.LL_RCC_GetADCClockFreq) refers to stm32f1xx_ll_rcc.o(i.RCC_GetHCLKClockFreq) for RCC_GetHCLKClockFreq
    stm32f1xx_ll_rcc.o(i.LL_RCC_GetADCClockFreq) refers to stm32f1xx_ll_rcc.o(i.RCC_GetPCLK2ClockFreq) for RCC_GetPCLK2ClockFreq
    stm32f1xx_ll_rcc.o(i.LL_RCC_GetSystemClocksFreq) refers to stm32f1xx_ll_rcc.o(i.RCC_GetSystemClockFreq) for RCC_GetSystemClockFreq
    stm32f1xx_ll_rcc.o(i.LL_RCC_GetSystemClocksFreq) refers to stm32f1xx_ll_rcc.o(i.RCC_GetHCLKClockFreq) for RCC_GetHCLKClockFreq
    stm32f1xx_ll_rcc.o(i.LL_RCC_GetSystemClocksFreq) refers to stm32f1xx_ll_rcc.o(i.RCC_GetPCLK1ClockFreq) for RCC_GetPCLK1ClockFreq
    stm32f1xx_ll_rcc.o(i.LL_RCC_GetSystemClocksFreq) refers to stm32f1xx_ll_rcc.o(i.RCC_GetPCLK2ClockFreq) for RCC_GetPCLK2ClockFreq
    stm32f1xx_ll_rcc.o(i.LL_RCC_GetUSBClockFreq) refers to main.o(i.assert_failed) for assert_failed
    stm32f1xx_ll_rcc.o(i.LL_RCC_GetUSBClockFreq) refers to stm32f1xx_ll_rcc.o(i.LL_RCC_PLL_IsReady) for LL_RCC_PLL_IsReady
    stm32f1xx_ll_rcc.o(i.LL_RCC_GetUSBClockFreq) refers to stm32f1xx_ll_rcc.o(i.RCC_PLL_GetFreqDomain_SYS) for RCC_PLL_GetFreqDomain_SYS
    stm32f1xx_ll_rcc.o(i.RCC_GetHCLKClockFreq) refers to system_stm32f1xx.o(.constdata) for AHBPrescTable
    stm32f1xx_ll_rcc.o(i.RCC_GetPCLK1ClockFreq) refers to system_stm32f1xx.o(.constdata) for APBPrescTable
    stm32f1xx_ll_rcc.o(i.RCC_GetPCLK2ClockFreq) refers to system_stm32f1xx.o(.constdata) for APBPrescTable
    stm32f1xx_ll_rcc.o(i.RCC_GetSystemClockFreq) refers to stm32f1xx_ll_rcc.o(i.RCC_PLL_GetFreqDomain_SYS) for RCC_PLL_GetFreqDomain_SYS
    stm32f1xx_ll_utils.o(i.LL_PLL_ConfigSystemClock_HSE) refers to main.o(i.assert_failed) for assert_failed
    stm32f1xx_ll_utils.o(i.LL_PLL_ConfigSystemClock_HSE) refers to stm32f1xx_ll_utils.o(i.UTILS_PLL_IsBusy) for UTILS_PLL_IsBusy
    stm32f1xx_ll_utils.o(i.LL_PLL_ConfigSystemClock_HSE) refers to stm32f1xx_ll_utils.o(i.UTILS_GetPLLOutputFrequency) for UTILS_GetPLLOutputFrequency
    stm32f1xx_ll_utils.o(i.LL_PLL_ConfigSystemClock_HSE) refers to stm32f1xx_ll_utils.o(i.LL_RCC_HSE_IsReady) for LL_RCC_HSE_IsReady
    stm32f1xx_ll_utils.o(i.LL_PLL_ConfigSystemClock_HSE) refers to stm32f1xx_ll_utils.o(i.LL_RCC_PLL_ConfigDomain_SYS) for LL_RCC_PLL_ConfigDomain_SYS
    stm32f1xx_ll_utils.o(i.LL_PLL_ConfigSystemClock_HSE) refers to stm32f1xx_ll_utils.o(i.UTILS_EnablePLLAndSwitchSystem) for UTILS_EnablePLLAndSwitchSystem
    stm32f1xx_ll_utils.o(i.LL_PLL_ConfigSystemClock_HSI) refers to stm32f1xx_ll_utils.o(i.UTILS_PLL_IsBusy) for UTILS_PLL_IsBusy
    stm32f1xx_ll_utils.o(i.LL_PLL_ConfigSystemClock_HSI) refers to stm32f1xx_ll_utils.o(i.UTILS_GetPLLOutputFrequency) for UTILS_GetPLLOutputFrequency
    stm32f1xx_ll_utils.o(i.LL_PLL_ConfigSystemClock_HSI) refers to stm32f1xx_ll_utils.o(i.LL_RCC_HSI_IsReady) for LL_RCC_HSI_IsReady
    stm32f1xx_ll_utils.o(i.LL_PLL_ConfigSystemClock_HSI) refers to stm32f1xx_ll_utils.o(i.LL_RCC_PLL_ConfigDomain_SYS) for LL_RCC_PLL_ConfigDomain_SYS
    stm32f1xx_ll_utils.o(i.LL_PLL_ConfigSystemClock_HSI) refers to stm32f1xx_ll_utils.o(i.UTILS_EnablePLLAndSwitchSystem) for UTILS_EnablePLLAndSwitchSystem
    stm32f1xx_ll_utils.o(i.LL_SetSystemCoreClock) refers to system_stm32f1xx.o(.data) for SystemCoreClock
    stm32f1xx_ll_utils.o(i.UTILS_EnablePLLAndSwitchSystem) refers to main.o(i.assert_failed) for assert_failed
    stm32f1xx_ll_utils.o(i.UTILS_EnablePLLAndSwitchSystem) refers to stm32f1xx_ll_utils.o(i.UTILS_SetFlashLatency) for UTILS_SetFlashLatency
    stm32f1xx_ll_utils.o(i.UTILS_EnablePLLAndSwitchSystem) refers to stm32f1xx_ll_utils.o(i.LL_RCC_PLL_IsReady) for LL_RCC_PLL_IsReady
    stm32f1xx_ll_utils.o(i.UTILS_EnablePLLAndSwitchSystem) refers to stm32f1xx_ll_utils.o(i.LL_SetSystemCoreClock) for LL_SetSystemCoreClock
    stm32f1xx_ll_utils.o(i.UTILS_EnablePLLAndSwitchSystem) refers to system_stm32f1xx.o(.constdata) for AHBPrescTable
    stm32f1xx_ll_utils.o(i.UTILS_EnablePLLAndSwitchSystem) refers to system_stm32f1xx.o(.data) for SystemCoreClock
    stm32f1xx_ll_utils.o(i.UTILS_GetPLLOutputFrequency) refers to main.o(i.assert_failed) for assert_failed
    stm32f1xx_ll_utils.o(i.UTILS_PLL_IsBusy) refers to stm32f1xx_ll_utils.o(i.LL_RCC_PLL_IsReady) for LL_RCC_PLL_IsReady
    stm32f1xx_ll_tim.o(i.IC1Config) refers to main.o(i.assert_failed) for assert_failed
    stm32f1xx_ll_tim.o(i.IC2Config) refers to main.o(i.assert_failed) for assert_failed
    stm32f1xx_ll_tim.o(i.IC3Config) refers to main.o(i.assert_failed) for assert_failed
    stm32f1xx_ll_tim.o(i.IC4Config) refers to main.o(i.assert_failed) for assert_failed
    stm32f1xx_ll_tim.o(i.LL_TIM_BDTR_Init) refers to main.o(i.assert_failed) for assert_failed
    stm32f1xx_ll_tim.o(i.LL_TIM_DeInit) refers to main.o(i.assert_failed) for assert_failed
    stm32f1xx_ll_tim.o(i.LL_TIM_DeInit) refers to stm32f1xx_ll_tim.o(i.LL_APB1_GRP1_ForceReset) for LL_APB1_GRP1_ForceReset
    stm32f1xx_ll_tim.o(i.LL_TIM_DeInit) refers to stm32f1xx_ll_tim.o(i.LL_APB1_GRP1_ReleaseReset) for LL_APB1_GRP1_ReleaseReset
    stm32f1xx_ll_tim.o(i.LL_TIM_ENCODER_Init) refers to main.o(i.assert_failed) for assert_failed
    stm32f1xx_ll_tim.o(i.LL_TIM_HALLSENSOR_Init) refers to main.o(i.assert_failed) for assert_failed
    stm32f1xx_ll_tim.o(i.LL_TIM_HALLSENSOR_Init) refers to stm32f1xx_ll_tim.o(i.LL_TIM_OC_SetCompareCH2) for LL_TIM_OC_SetCompareCH2
    stm32f1xx_ll_tim.o(i.LL_TIM_IC_Init) refers to stm32f1xx_ll_tim.o(i.IC1Config) for IC1Config
    stm32f1xx_ll_tim.o(i.LL_TIM_IC_Init) refers to stm32f1xx_ll_tim.o(i.IC2Config) for IC2Config
    stm32f1xx_ll_tim.o(i.LL_TIM_IC_Init) refers to stm32f1xx_ll_tim.o(i.IC3Config) for IC3Config
    stm32f1xx_ll_tim.o(i.LL_TIM_IC_Init) refers to stm32f1xx_ll_tim.o(i.IC4Config) for IC4Config
    stm32f1xx_ll_tim.o(i.LL_TIM_Init) refers to main.o(i.assert_failed) for assert_failed
    stm32f1xx_ll_tim.o(i.LL_TIM_OC_Init) refers to stm32f1xx_ll_tim.o(i.OC1Config) for OC1Config
    stm32f1xx_ll_tim.o(i.LL_TIM_OC_Init) refers to stm32f1xx_ll_tim.o(i.OC2Config) for OC2Config
    stm32f1xx_ll_tim.o(i.LL_TIM_OC_Init) refers to stm32f1xx_ll_tim.o(i.OC3Config) for OC3Config
    stm32f1xx_ll_tim.o(i.LL_TIM_OC_Init) refers to stm32f1xx_ll_tim.o(i.OC4Config) for OC4Config
    stm32f1xx_ll_tim.o(i.OC1Config) refers to main.o(i.assert_failed) for assert_failed
    stm32f1xx_ll_tim.o(i.OC2Config) refers to main.o(i.assert_failed) for assert_failed
    stm32f1xx_ll_tim.o(i.OC2Config) refers to stm32f1xx_ll_tim.o(i.LL_TIM_OC_SetCompareCH2) for LL_TIM_OC_SetCompareCH2
    stm32f1xx_ll_tim.o(i.OC3Config) refers to main.o(i.assert_failed) for assert_failed
    stm32f1xx_ll_tim.o(i.OC4Config) refers to main.o(i.assert_failed) for assert_failed
    stm32f1xx_ll_gpio.o(i.LL_GPIO_DeInit) refers to main.o(i.assert_failed) for assert_failed
    stm32f1xx_ll_gpio.o(i.LL_GPIO_DeInit) refers to stm32f1xx_ll_gpio.o(i.LL_APB2_GRP1_ForceReset) for LL_APB2_GRP1_ForceReset
    stm32f1xx_ll_gpio.o(i.LL_GPIO_DeInit) refers to stm32f1xx_ll_gpio.o(i.LL_APB2_GRP1_ReleaseReset) for LL_APB2_GRP1_ReleaseReset
    stm32f1xx_ll_gpio.o(i.LL_GPIO_Init) refers to main.o(i.assert_failed) for assert_failed
    system_stm32f1xx.o(i.SystemCoreClockUpdate) refers to system_stm32f1xx.o(.data) for SystemCoreClock
    system_stm32f1xx.o(i.SystemCoreClockUpdate) refers to system_stm32f1xx.o(.constdata) for AHBPrescTable
    startup_stm32f103xb.o(RESET) refers to startup_stm32f103xb.o(STACK) for __initial_sp
    startup_stm32f103xb.o(RESET) refers to startup_stm32f103xb.o(.text) for Reset_Handler
    startup_stm32f103xb.o(RESET) refers to horloge_generale.o(i.SysTick_Handler) for SysTick_Handler
    startup_stm32f103xb.o(.text) refers to system_stm32f1xx.o(i.SystemInit) for SystemInit
    startup_stm32f103xb.o(.text) refers to entry.o(.ARM.Collect$$$$00000000) for __main
    entry.o(.ARM.Collect$$$$00000000) refers (Special) to entry10a.o(.ARM.Collect$$$$0000000D) for __rt_final_cpp
    entry.o(.ARM.Collect$$$$00000000) refers (Special) to entry11a.o(.ARM.Collect$$$$0000000F) for __rt_final_exit
    entry.o(.ARM.Collect$$$$00000000) refers (Special) to entry7b.o(.ARM.Collect$$$$00000008) for _main_clock
    entry.o(.ARM.Collect$$$$00000000) refers (Special) to entry8b.o(.ARM.Collect$$$$0000000A) for _main_cpp_init
    entry.o(.ARM.Collect$$$$00000000) refers (Special) to entry9a.o(.ARM.Collect$$$$0000000B) for _main_init
    entry.o(.ARM.Collect$$$$00000000) refers (Special) to entry5.o(.ARM.Collect$$$$00000004) for _main_scatterload
    entry.o(.ARM.Collect$$$$00000000) refers (Special) to entry2.o(.ARM.Collect$$$$00000001) for _main_stk
    fadd.o(.text) refers (Special) to iusefp.o(.text) for __I$use$fp
    fadd.o(.text) refers to fepilogue.o(.text) for _float_epilogue
    fmul.o(.text) refers (Special) to iusefp.o(.text) for __I$use$fp
    dadd.o(.text) refers (Special) to iusefp.o(.text) for __I$use$fp
    dadd.o(.text) refers to llshl.o(.text) for __aeabi_llsl
    dadd.o(.text) refers to llsshr.o(.text) for __aeabi_lasr
    dadd.o(.text) refers to depilogue.o(.text) for _double_epilogue
    dmul.o(.text) refers (Special) to iusefp.o(.text) for __I$use$fp
    dmul.o(.text) refers to depilogue.o(.text) for _double_epilogue
    ddiv.o(.text) refers (Special) to iusefp.o(.text) for __I$use$fp
    ddiv.o(.text) refers to depilogue.o(.text) for _double_round
    fflti.o(.text) refers (Special) to iusefp.o(.text) for __I$use$fp
    fflti.o(.text) refers to fepilogue.o(.text) for _float_epilogue
    ffixi.o(.text) refers (Special) to iusefp.o(.text) for __I$use$fp
    ffixui.o(.text) refers (Special) to iusefp.o(.text) for __I$use$fp
    f2d.o(.text) refers (Special) to iusefp.o(.text) for __I$use$fp
    cdcmple.o(.text) refers (Special) to iusefp.o(.text) for __I$use$fp
    cdrcmple.o(.text) refers (Special) to iusefp.o(.text) for __I$use$fp
    d2f.o(.text) refers (Special) to iusefp.o(.text) for __I$use$fp
    d2f.o(.text) refers to fepilogue.o(.text) for _float_round
    cfcmple.o(.text) refers (Special) to iusefp.o(.text) for __I$use$fp
    entry2.o(.ARM.Collect$$$$00000001) refers to entry2.o(.ARM.Collect$$$$00002712) for __lit__00000000
    entry2.o(.ARM.Collect$$$$00002712) refers to startup_stm32f103xb.o(STACK) for __initial_sp
    entry2.o(__vectab_stack_and_reset_area) refers to startup_stm32f103xb.o(STACK) for __initial_sp
    entry2.o(__vectab_stack_and_reset_area) refers to entry.o(.ARM.Collect$$$$00000000) for __main
    entry5.o(.ARM.Collect$$$$00000004) refers to init.o(.text) for __scatterload
    entry9a.o(.ARM.Collect$$$$0000000B) refers to main.o(i.main) for main
    entry9b.o(.ARM.Collect$$$$0000000C) refers to main.o(i.main) for main
    depilogue.o(.text) refers to llshl.o(.text) for __aeabi_llsl
    depilogue.o(.text) refers to llushr.o(.text) for __aeabi_llsr
    init.o(.text) refers to entry5.o(.ARM.Collect$$$$00000004) for __main_after_scatterload


==============================================================================

Removing Unused input sections from the image.

    Removing main.o(.rev16_text), (4 bytes).
    Removing main.o(.revsh_text), (4 bytes).
    Removing main.o(.rrx_text), (6 bytes).
    Removing main.o(.constdata), (35 bytes).
    Removing bordage.o(.rev16_text), (4 bytes).
    Removing bordage.o(.revsh_text), (4 bytes).
    Removing bordage.o(.rrx_text), (6 bytes).
    Removing horloge_generale.o(.rev16_text), (4 bytes).
    Removing horloge_generale.o(.revsh_text), (4 bytes).
    Removing horloge_generale.o(.rrx_text), (6 bytes).
    Removing horloge_generale.o(.constdata), (35 bytes).
    Removing plateau.o(.rev16_text), (4 bytes).
    Removing plateau.o(.revsh_text), (4 bytes).
    Removing plateau.o(.rrx_text), (6 bytes).
    Removing stm32f1xx_ll_rcc.o(.rev16_text), (4 bytes).
    Removing stm32f1xx_ll_rcc.o(.revsh_text), (4 bytes).
    Removing stm32f1xx_ll_rcc.o(.rrx_text), (6 bytes).
    Removing stm32f1xx_ll_rcc.o(i.LL_RCC_DeInit), (152 bytes).
    Removing stm32f1xx_ll_rcc.o(i.LL_RCC_GetADCClockFreq), (124 bytes).
    Removing stm32f1xx_ll_rcc.o(i.LL_RCC_GetSystemClocksFreq), (36 bytes).
    Removing stm32f1xx_ll_rcc.o(i.LL_RCC_GetUSBClockFreq), (120 bytes).
    Removing stm32f1xx_ll_rcc.o(i.LL_RCC_PLL_IsReady), (16 bytes).
    Removing stm32f1xx_ll_rcc.o(i.RCC_GetHCLKClockFreq), (32 bytes).
    Removing stm32f1xx_ll_rcc.o(i.RCC_GetPCLK1ClockFreq), (36 bytes).
    Removing stm32f1xx_ll_rcc.o(i.RCC_GetPCLK2ClockFreq), (36 bytes).
    Removing stm32f1xx_ll_rcc.o(i.RCC_GetSystemClockFreq), (60 bytes).
    Removing stm32f1xx_ll_rcc.o(i.RCC_PLL_GetFreqDomain_SYS), (88 bytes).
    Removing stm32f1xx_ll_utils.o(.rev16_text), (4 bytes).
    Removing stm32f1xx_ll_utils.o(.revsh_text), (4 bytes).
    Removing stm32f1xx_ll_utils.o(.rrx_text), (6 bytes).
    Removing stm32f1xx_ll_utils.o(i.LL_PLL_ConfigSystemClock_HSE), (260 bytes).
    Removing stm32f1xx_ll_utils.o(i.LL_PLL_ConfigSystemClock_HSI), (104 bytes).
    Removing stm32f1xx_ll_utils.o(i.LL_RCC_HSE_IsReady), (16 bytes).
    Removing stm32f1xx_ll_utils.o(i.LL_RCC_HSI_IsReady), (16 bytes).
    Removing stm32f1xx_ll_utils.o(i.LL_RCC_PLL_ConfigDomain_SYS), (28 bytes).
    Removing stm32f1xx_ll_utils.o(i.LL_RCC_PLL_IsReady), (16 bytes).
    Removing stm32f1xx_ll_utils.o(i.LL_mDelay), (40 bytes).
    Removing stm32f1xx_ll_utils.o(i.UTILS_EnablePLLAndSwitchSystem), (416 bytes).
    Removing stm32f1xx_ll_utils.o(i.UTILS_GetPLLOutputFrequency), (228 bytes).
    Removing stm32f1xx_ll_utils.o(i.UTILS_PLL_IsBusy), (16 bytes).
    Removing stm32f1xx_ll_utils.o(i.UTILS_SetFlashLatency), (80 bytes).
    Removing stm32f1xx_ll_tim.o(.rev16_text), (4 bytes).
    Removing stm32f1xx_ll_tim.o(.revsh_text), (4 bytes).
    Removing stm32f1xx_ll_tim.o(.rrx_text), (6 bytes).
    Removing stm32f1xx_ll_tim.o(i.IC1Config), (376 bytes).
    Removing stm32f1xx_ll_tim.o(i.IC2Config), (376 bytes).
    Removing stm32f1xx_ll_tim.o(i.IC3Config), (380 bytes).
    Removing stm32f1xx_ll_tim.o(i.IC4Config), (380 bytes).
    Removing stm32f1xx_ll_tim.o(i.LL_APB1_GRP1_ForceReset), (16 bytes).
    Removing stm32f1xx_ll_tim.o(i.LL_APB1_GRP1_ReleaseReset), (16 bytes).
    Removing stm32f1xx_ll_tim.o(i.LL_TIM_BDTR_Init), (312 bytes).
    Removing stm32f1xx_ll_tim.o(i.LL_TIM_BDTR_StructInit), (18 bytes).
    Removing stm32f1xx_ll_tim.o(i.LL_TIM_DeInit), (192 bytes).
    Removing stm32f1xx_ll_tim.o(i.LL_TIM_ENCODER_StructInit), (36 bytes).
    Removing stm32f1xx_ll_tim.o(i.LL_TIM_HALLSENSOR_Init), (396 bytes).
    Removing stm32f1xx_ll_tim.o(i.LL_TIM_HALLSENSOR_StructInit), (12 bytes).
    Removing stm32f1xx_ll_tim.o(i.LL_TIM_IC_Init), (92 bytes).
    Removing stm32f1xx_ll_tim.o(i.LL_TIM_IC_StructInit), (18 bytes).
    Removing stm32f1xx_ll_tim.o(i.LL_TIM_OC_Init), (92 bytes).
    Removing stm32f1xx_ll_tim.o(i.LL_TIM_OC_SetCompareCH2), (4 bytes).
    Removing stm32f1xx_ll_tim.o(i.LL_TIM_OC_StructInit), (20 bytes).
    Removing stm32f1xx_ll_tim.o(i.LL_TIM_StructInit), (18 bytes).
    Removing stm32f1xx_ll_tim.o(i.OC1Config), (404 bytes).
    Removing stm32f1xx_ll_tim.o(i.OC2Config), (404 bytes).
    Removing stm32f1xx_ll_tim.o(i.OC3Config), (404 bytes).
    Removing stm32f1xx_ll_tim.o(i.OC4Config), (372 bytes).
    Removing stm32f1xx_ll_tim.o(.constdata), (35 bytes).
    Removing stm32f1xx_ll_gpio.o(.rev16_text), (4 bytes).
    Removing stm32f1xx_ll_gpio.o(.revsh_text), (4 bytes).
    Removing stm32f1xx_ll_gpio.o(.rrx_text), (6 bytes).
    Removing stm32f1xx_ll_gpio.o(i.LL_APB2_GRP1_ForceReset), (16 bytes).
    Removing stm32f1xx_ll_gpio.o(i.LL_APB2_GRP1_ReleaseReset), (16 bytes).
    Removing stm32f1xx_ll_gpio.o(i.LL_GPIO_DeInit), (212 bytes).
    Removing stm32f1xx_ll_gpio.o(i.LL_GPIO_StructInit), (24 bytes).
    Removing system_stm32f1xx.o(.rev16_text), (4 bytes).
    Removing system_stm32f1xx.o(.revsh_text), (4 bytes).
    Removing system_stm32f1xx.o(.rrx_text), (6 bytes).
    Removing system_stm32f1xx.o(i.SystemCoreClockUpdate), (164 bytes).
    Removing system_stm32f1xx.o(.constdata), (24 bytes).
    Removing startup_stm32f103xb.o(HEAP), (512 bytes).

80 unused section(s) (total 7457 bytes) removed from the image.

==============================================================================

Image Symbol Table

    Local Symbols

    Symbol Name                              Value     Ov Type        Size  Object(Section)

    ../Src/main.c                            0x00000000   Number         0  main.o ABSOLUTE
    ../Src/system_stm32f1xx.c                0x00000000   Number         0  system_stm32f1xx.o ABSOLUTE
    ../clib/microlib/init/entry.s            0x00000000   Number         0  entry10b.o ABSOLUTE
    ../clib/microlib/init/entry.s            0x00000000   Number         0  entry11a.o ABSOLUTE
    ../clib/microlib/init/entry.s            0x00000000   Number         0  entry8b.o ABSOLUTE
    ../clib/microlib/init/entry.s            0x00000000   Number         0  entry.o ABSOLUTE
    ../clib/microlib/init/entry.s            0x00000000   Number         0  entry2.o ABSOLUTE
    ../clib/microlib/init/entry.s            0x00000000   Number         0  entry11b.o ABSOLUTE
    ../clib/microlib/init/entry.s            0x00000000   Number         0  entry8a.o ABSOLUTE
    ../clib/microlib/init/entry.s            0x00000000   Number         0  entry5.o ABSOLUTE
    ../clib/microlib/init/entry.s            0x00000000   Number         0  entry7a.o ABSOLUTE
    ../clib/microlib/init/entry.s            0x00000000   Number         0  entry7b.o ABSOLUTE
    ../clib/microlib/init/entry.s            0x00000000   Number         0  entry9a.o ABSOLUTE
    ../clib/microlib/init/entry.s            0x00000000   Number         0  entry10a.o ABSOLUTE
    ../clib/microlib/init/entry.s            0x00000000   Number         0  entry9b.o ABSOLUTE
    ../clib/microlib/longlong.c              0x00000000   Number         0  llshl.o ABSOLUTE
    ../clib/microlib/longlong.c              0x00000000   Number         0  llsshr.o ABSOLUTE
    ../clib/microlib/longlong.c              0x00000000   Number         0  llushr.o ABSOLUTE
    ../clib/microlib/stubs.s                 0x00000000   Number         0  iusefp.o ABSOLUTE
    ../fplib/microlib/d2f.c                  0x00000000   Number         0  d2f.o ABSOLUTE
    ../fplib/microlib/f2d.c                  0x00000000   Number         0  f2d.o ABSOLUTE
    ../fplib/microlib/fpadd.c                0x00000000   Number         0  fadd.o ABSOLUTE
    ../fplib/microlib/fpadd.c                0x00000000   Number         0  dadd.o ABSOLUTE
    ../fplib/microlib/fpdiv.c                0x00000000   Number         0  ddiv.o ABSOLUTE
    ../fplib/microlib/fpepilogue.c           0x00000000   Number         0  depilogue.o ABSOLUTE
    ../fplib/microlib/fpepilogue.c           0x00000000   Number         0  fepilogue.o ABSOLUTE
    ../fplib/microlib/fpfix.c                0x00000000   Number         0  ffixui.o ABSOLUTE
    ../fplib/microlib/fpfix.c                0x00000000   Number         0  ffixi.o ABSOLUTE
    ../fplib/microlib/fpflt.c                0x00000000   Number         0  fflti.o ABSOLUTE
    ../fplib/microlib/fpmul.c                0x00000000   Number         0  dmul.o ABSOLUTE
    ../fplib/microlib/fpmul.c                0x00000000   Number         0  fmul.o ABSOLUTE
    ..\LLDrivers\src\stm32f1xx_ll_gpio.c     0x00000000   Number         0  stm32f1xx_ll_gpio.o ABSOLUTE
    ..\LLDrivers\src\stm32f1xx_ll_rcc.c      0x00000000   Number         0  stm32f1xx_ll_rcc.o ABSOLUTE
    ..\LLDrivers\src\stm32f1xx_ll_tim.c      0x00000000   Number         0  stm32f1xx_ll_tim.o ABSOLUTE
    ..\LLDrivers\src\stm32f1xx_ll_utils.c    0x00000000   Number         0  stm32f1xx_ll_utils.o ABSOLUTE
    ..\Src\bordage.c                         0x00000000   Number         0  bordage.o ABSOLUTE
    ..\Src\horloge_generale.c                0x00000000   Number         0  horloge_generale.o ABSOLUTE
    ..\Src\main.c                            0x00000000   Number         0  main.o ABSOLUTE
    ..\Src\plateau.c                         0x00000000   Number         0  plateau.o ABSOLUTE
    ..\Src\system_stm32f1xx.c                0x00000000   Number         0  system_stm32f1xx.o ABSOLUTE
    ..\\LLDrivers\\src\\stm32f1xx_ll_gpio.c  0x00000000   Number         0  stm32f1xx_ll_gpio.o ABSOLUTE
    ..\\LLDrivers\\src\\stm32f1xx_ll_rcc.c   0x00000000   Number         0  stm32f1xx_ll_rcc.o ABSOLUTE
    ..\\LLDrivers\\src\\stm32f1xx_ll_tim.c   0x00000000   Number         0  stm32f1xx_ll_tim.o ABSOLUTE
    ..\\LLDrivers\\src\\stm32f1xx_ll_utils.c 0x00000000   Number         0  stm32f1xx_ll_utils.o ABSOLUTE
    ..\\Src\\bordage.c                       0x00000000   Number         0  bordage.o ABSOLUTE
    ..\\Src\\horloge_generale.c              0x00000000   Number         0  horloge_generale.o ABSOLUTE
    ..\\Src\\plateau.c                       0x00000000   Number         0  plateau.o ABSOLUTE
    cdcmple.s                                0x00000000   Number         0  cdcmple.o ABSOLUTE
    cdrcmple.s                               0x00000000   Number         0  cdrcmple.o ABSOLUTE
    cfcmple.s                                0x00000000   Number         0  cfcmple.o ABSOLUTE
    dc.s                                     0x00000000   Number         0  dc.o ABSOLUTE
    handlers.s                               0x00000000   Number         0  handlers.o ABSOLUTE
    init.s                                   0x00000000   Number         0  init.o ABSOLUTE
    startup_stm32f103xb.s                    0x00000000   Number         0  startup_stm32f103xb.o ABSOLUTE
    RESET                                    0x08000000   Section      236  startup_stm32f103xb.o(RESET)
    .ARM.Collect$$$$00000000                 0x080000ec   Section        0  entry.o(.ARM.Collect$$$$00000000)
    .ARM.Collect$$$$00000001                 0x080000ec   Section        4  entry2.o(.ARM.Collect$$$$00000001)
    .ARM.Collect$$$$00000004                 0x080000f0   Section        4  entry5.o(.ARM.Collect$$$$00000004)
    .ARM.Collect$$$$00000008                 0x080000f4   Section        0  entry7b.o(.ARM.Collect$$$$00000008)
    .ARM.Collect$$$$0000000A                 0x080000f4   Section        0  entry8b.o(.ARM.Collect$$$$0000000A)
    .ARM.Collect$$$$0000000B                 0x080000f4   Section        8  entry9a.o(.ARM.Collect$$$$0000000B)
    .ARM.Collect$$$$0000000D                 0x080000fc   Section        0  entry10a.o(.ARM.Collect$$$$0000000D)
    .ARM.Collect$$$$0000000F                 0x080000fc   Section        0  entry11a.o(.ARM.Collect$$$$0000000F)
    .ARM.Collect$$$$00002712                 0x080000fc   Section        4  entry2.o(.ARM.Collect$$$$00002712)
    __lit__00000000                          0x080000fc   Data           4  entry2.o(.ARM.Collect$$$$00002712)
    .text                                    0x08000100   Section       36  startup_stm32f103xb.o(.text)
    .text                                    0x08000124   Section        0  fadd.o(.text)
    .text                                    0x080001d4   Section        0  fmul.o(.text)
    .text                                    0x08000238   Section        0  dadd.o(.text)
    .text                                    0x08000386   Section        0  dmul.o(.text)
    .text                                    0x0800046a   Section        0  ddiv.o(.text)
    .text                                    0x08000548   Section        0  fflti.o(.text)
    .text                                    0x0800055a   Section        0  ffixi.o(.text)
    .text                                    0x0800058c   Section        0  ffixui.o(.text)
    .text                                    0x080005b4   Section        0  f2d.o(.text)
    .text                                    0x080005dc   Section       48  cdcmple.o(.text)
    .text                                    0x0800060c   Section       48  cdrcmple.o(.text)
    .text                                    0x0800063c   Section        0  d2f.o(.text)
    .text                                    0x08000674   Section       20  cfcmple.o(.text)
    .text                                    0x08000688   Section        0  llshl.o(.text)
    .text                                    0x080006a6   Section        0  llsshr.o(.text)
    .text                                    0x080006ca   Section        0  iusefp.o(.text)
    .text                                    0x080006ca   Section        0  fepilogue.o(.text)
    .text                                    0x08000738   Section        0  depilogue.o(.text)
    .text                                    0x080007f4   Section       36  init.o(.text)
    .text                                    0x08000818   Section        0  llushr.o(.text)
    i.LL_APB1_GRP1_EnableClock               0x08000838   Section        0  plateau.o(i.LL_APB1_GRP1_EnableClock)
    LL_APB1_GRP1_EnableClock                 0x08000839   Thumb Code    24  plateau.o(i.LL_APB1_GRP1_EnableClock)
    i.LL_APB2_GRP1_EnableClock               0x08000854   Section        0  bordage.o(i.LL_APB2_GRP1_EnableClock)
    LL_APB2_GRP1_EnableClock                 0x08000855   Thumb Code    24  bordage.o(i.LL_APB2_GRP1_EnableClock)
    i.LL_APB2_GRP1_EnableClock               0x08000870   Section        0  plateau.o(i.LL_APB2_GRP1_EnableClock)
    LL_APB2_GRP1_EnableClock                 0x08000871   Thumb Code    24  plateau.o(i.LL_APB2_GRP1_EnableClock)
    i.LL_GPIO_Init                           0x0800088c   Section        0  stm32f1xx_ll_gpio.o(i.LL_GPIO_Init)
    i.LL_GPIO_SetPinMode                     0x08000a84   Section        0  bordage.o(i.LL_GPIO_SetPinMode)
    LL_GPIO_SetPinMode                       0x08000a85   Thumb Code    44  bordage.o(i.LL_GPIO_SetPinMode)
    i.LL_Init1msTick                         0x08000ab0   Section        0  stm32f1xx_ll_utils.o(i.LL_Init1msTick)
    i.LL_SetSystemCoreClock                  0x08000acc   Section        0  stm32f1xx_ll_utils.o(i.LL_SetSystemCoreClock)
    i.LL_TIM_ENCODER_Init                    0x08000ad8   Section        0  stm32f1xx_ll_tim.o(i.LL_TIM_ENCODER_Init)
    i.LL_TIM_EnableCounter                   0x08000d88   Section        0  bordage.o(i.LL_TIM_EnableCounter)
    LL_TIM_EnableCounter                     0x08000d89   Thumb Code    10  bordage.o(i.LL_TIM_EnableCounter)
    i.LL_TIM_EnableCounter                   0x08000d92   Section        0  plateau.o(i.LL_TIM_EnableCounter)
    LL_TIM_EnableCounter                     0x08000d93   Thumb Code    10  plateau.o(i.LL_TIM_EnableCounter)
    i.LL_TIM_Init                            0x08000d9c   Section        0  stm32f1xx_ll_tim.o(i.LL_TIM_Init)
    i.LL_TIM_OC_SetMode                      0x08000eb0   Section        0  bordage.o(i.LL_TIM_OC_SetMode)
    LL_TIM_OC_SetMode                        0x08000eb1   Thumb Code    98  bordage.o(i.LL_TIM_OC_SetMode)
    i.LL_TIM_OC_SetMode                      0x08000f1c   Section        0  plateau.o(i.LL_TIM_OC_SetMode)
    LL_TIM_OC_SetMode                        0x08000f1d   Thumb Code    98  plateau.o(i.LL_TIM_OC_SetMode)
    i.SysTick_Handler                        0x08000f88   Section        0  horloge_generale.o(i.SysTick_Handler)
    i.SystemClock_Config                     0x08000f98   Section        0  main.o(i.SystemClock_Config)
    i.SystemInit                             0x08001078   Section        0  system_stm32f1xx.o(i.SystemInit)
    i.__scatterload_copy                     0x080010d0   Section       14  handlers.o(i.__scatterload_copy)
    i.__scatterload_null                     0x080010de   Section        2  handlers.o(i.__scatterload_null)
    i.__scatterload_zeroinit                 0x080010e0   Section       14  handlers.o(i.__scatterload_zeroinit)
    i.abso                                   0x080010ee   Section        0  bordage.o(i.abso)
    i.assert_failed                          0x08001104   Section        0  main.o(i.assert_failed)
    i.bougerPlateau                          0x08001108   Section        0  plateau.o(i.bougerPlateau)
    i.bougerVoile                            0x080011b0   Section        0  bordage.o(i.bougerVoile)
    i.funITinit_st                           0x08001244   Section        0  horloge_generale.o(i.funITinit_st)
    i.get_angle                              0x08001250   Section        0  bordage.o(i.get_angle)
    i.get_vitesse_sens                       0x08001320   Section        0  plateau.o(i.get_vitesse_sens)
    i.gpio_RF_init                           0x080013ac   Section        0  plateau.o(i.gpio_RF_init)
    i.gpio_gigi_init                         0x080013ec   Section        0  bordage.o(i.gpio_gigi_init)
    i.gpio_mcc_init                          0x08001420   Section        0  plateau.o(i.gpio_mcc_init)
    i.gpio_servom_init                       0x0800146c   Section        0  bordage.o(i.gpio_servom_init)
    i.main                                   0x080014a0   Section        0  main.o(i.main)
    i.run                                    0x08001508   Section        0  horloge_generale.o(i.run)
    i.run_IT                                 0x08001540   Section        0  horloge_generale.o(i.run_IT)
    i.timer_HG_init_st                       0x08001560   Section        0  horloge_generale.o(i.timer_HG_init_st)
    i.timer_RF_init                          0x080015bc   Section        0  plateau.o(i.timer_RF_init)
    i.timer_gigi_init                        0x080016a0   Section        0  bordage.o(i.timer_gigi_init)
    i.timer_pwm_init                         0x08001708   Section        0  bordage.o(i.timer_pwm_init)
    i.timer_pwm_mcc_init                     0x0800176c   Section        0  plateau.o(i.timer_pwm_mcc_init)
    .constdata                               0x080017ba   Section       35  bordage.o(.constdata)
    OFFSET_TAB_CCMRx                         0x080017ba   Data           7  bordage.o(.constdata)
    SHIFT_TAB_OCxx                           0x080017c1   Data           7  bordage.o(.constdata)
    SHIFT_TAB_ICxx                           0x080017c8   Data           7  bordage.o(.constdata)
    SHIFT_TAB_CCxP                           0x080017cf   Data           7  bordage.o(.constdata)
    SHIFT_TAB_OISx                           0x080017d6   Data           7  bordage.o(.constdata)
    .constdata                               0x080017dd   Section       35  plateau.o(.constdata)
    OFFSET_TAB_CCMRx                         0x080017dd   Data           7  plateau.o(.constdata)
    SHIFT_TAB_OCxx                           0x080017e4   Data           7  plateau.o(.constdata)
    SHIFT_TAB_ICxx                           0x080017eb   Data           7  plateau.o(.constdata)
    SHIFT_TAB_CCxP                           0x080017f2   Data           7  plateau.o(.constdata)
    SHIFT_TAB_OISx                           0x080017f9   Data           7  plateau.o(.constdata)
    .data                                    0x20000000   Section        4  bordage.o(.data)
    angle                                    0x20000000   Data           4  bordage.o(.data)
    .data                                    0x20000004   Section       12  horloge_generale.o(.data)
    .data                                    0x20000010   Section       12  plateau.o(.data)
    .data                                    0x2000001c   Section        4  system_stm32f1xx.o(.data)
    STACK                                    0x20000020   Section     1024  startup_stm32f103xb.o(STACK)

    Global Symbols

    Symbol Name                              Value     Ov Type        Size  Object(Section)

    BuildAttributes$$THM_ISAv4$P$D$K$B$S$PE$A:L22UL41UL21$X:L11$S22US41US21$IEEE1$IW$USESV6$~STKCKD$USESV7$~SHL$OTIME$ROPI$EBA8$MICROLIB$REQ8$PRES8$EABIv2 0x00000000   Number         0  anon$$obj.o ABSOLUTE
    __ARM_use_no_argv                        0x00000000   Number         0  main.o ABSOLUTE
    __cpp_initialize__aeabi_                  - Undefined Weak Reference
    __cxa_finalize                            - Undefined Weak Reference
    __decompress                              - Undefined Weak Reference
    _clock_init                               - Undefined Weak Reference
    _microlib_exit                            - Undefined Weak Reference
    __Vectors_Size                           0x000000ec   Number         0  startup_stm32f103xb.o ABSOLUTE
    __Vectors                                0x08000000   Data           4  startup_stm32f103xb.o(RESET)
    __Vectors_End                            0x080000ec   Data           0  startup_stm32f103xb.o(RESET)
    __main                                   0x080000ed   Thumb Code     0  entry.o(.ARM.Collect$$$$00000000)
    _main_stk                                0x080000ed   Thumb Code     0  entry2.o(.ARM.Collect$$$$00000001)
    _main_scatterload                        0x080000f1   Thumb Code     0  entry5.o(.ARM.Collect$$$$00000004)
    __main_after_scatterload                 0x080000f5   Thumb Code     0  entry5.o(.ARM.Collect$$$$00000004)
    _main_clock                              0x080000f5   Thumb Code     0  entry7b.o(.ARM.Collect$$$$00000008)
    _main_cpp_init                           0x080000f5   Thumb Code     0  entry8b.o(.ARM.Collect$$$$0000000A)
    _main_init                               0x080000f5   Thumb Code     0  entry9a.o(.ARM.Collect$$$$0000000B)
    __rt_final_cpp                           0x080000fd   Thumb Code     0  entry10a.o(.ARM.Collect$$$$0000000D)
    __rt_final_exit                          0x080000fd   Thumb Code     0  entry11a.o(.ARM.Collect$$$$0000000F)
    Reset_Handler                            0x08000101   Thumb Code     8  startup_stm32f103xb.o(.text)
    NMI_Handler                              0x08000109   Thumb Code     2  startup_stm32f103xb.o(.text)
    HardFault_Handler                        0x0800010b   Thumb Code     2  startup_stm32f103xb.o(.text)
    MemManage_Handler                        0x0800010d   Thumb Code     2  startup_stm32f103xb.o(.text)
    BusFault_Handler                         0x0800010f   Thumb Code     2  startup_stm32f103xb.o(.text)
    UsageFault_Handler                       0x08000111   Thumb Code     2  startup_stm32f103xb.o(.text)
    SVC_Handler                              0x08000113   Thumb Code     2  startup_stm32f103xb.o(.text)
    DebugMon_Handler                         0x08000115   Thumb Code     2  startup_stm32f103xb.o(.text)
    PendSV_Handler                           0x08000117   Thumb Code     2  startup_stm32f103xb.o(.text)
    ADC1_2_IRQHandler                        0x0800011b   Thumb Code     0  startup_stm32f103xb.o(.text)
    CAN1_RX1_IRQHandler                      0x0800011b   Thumb Code     0  startup_stm32f103xb.o(.text)
    CAN1_SCE_IRQHandler                      0x0800011b   Thumb Code     0  startup_stm32f103xb.o(.text)
    DMA1_Channel1_IRQHandler                 0x0800011b   Thumb Code     0  startup_stm32f103xb.o(.text)
    DMA1_Channel2_IRQHandler                 0x0800011b   Thumb Code     0  startup_stm32f103xb.o(.text)
    DMA1_Channel3_IRQHandler                 0x0800011b   Thumb Code     0  startup_stm32f103xb.o(.text)
    DMA1_Channel4_IRQHandler                 0x0800011b   Thumb Code     0  startup_stm32f103xb.o(.text)
    DMA1_Channel5_IRQHandler                 0x0800011b   Thumb Code     0  startup_stm32f103xb.o(.text)
    DMA1_Channel6_IRQHandler                 0x0800011b   Thumb Code     0  startup_stm32f103xb.o(.text)
    DMA1_Channel7_IRQHandler                 0x0800011b   Thumb Code     0  startup_stm32f103xb.o(.text)
    EXTI0_IRQHandler                         0x0800011b   Thumb Code     0  startup_stm32f103xb.o(.text)
    EXTI15_10_IRQHandler                     0x0800011b   Thumb Code     0  startup_stm32f103xb.o(.text)
    EXTI1_IRQHandler                         0x0800011b   Thumb Code     0  startup_stm32f103xb.o(.text)
    EXTI2_IRQHandler                         0x0800011b   Thumb Code     0  startup_stm32f103xb.o(.text)
    EXTI3_IRQHandler                         0x0800011b   Thumb Code     0  startup_stm32f103xb.o(.text)
    EXTI4_IRQHandler                         0x0800011b   Thumb Code     0  startup_stm32f103xb.o(.text)
    EXTI9_5_IRQHandler                       0x0800011b   Thumb Code     0  startup_stm32f103xb.o(.text)
    FLASH_IRQHandler                         0x0800011b   Thumb Code     0  startup_stm32f103xb.o(.text)
    I2C1_ER_IRQHandler                       0x0800011b   Thumb Code     0  startup_stm32f103xb.o(.text)
    I2C1_EV_IRQHandler                       0x0800011b   Thumb Code     0  startup_stm32f103xb.o(.text)
    I2C2_ER_IRQHandler                       0x0800011b   Thumb Code     0  startup_stm32f103xb.o(.text)
    I2C2_EV_IRQHandler                       0x0800011b   Thumb Code     0  startup_stm32f103xb.o(.text)
    PVD_IRQHandler                           0x0800011b   Thumb Code     0  startup_stm32f103xb.o(.text)
    RCC_IRQHandler                           0x0800011b   Thumb Code     0  startup_stm32f103xb.o(.text)
    RTC_Alarm_IRQHandler                     0x0800011b   Thumb Code     0  startup_stm32f103xb.o(.text)
    RTC_IRQHandler                           0x0800011b   Thumb Code     0  startup_stm32f103xb.o(.text)
    SPI1_IRQHandler                          0x0800011b   Thumb Code     0  startup_stm32f103xb.o(.text)
    SPI2_IRQHandler                          0x0800011b   Thumb Code     0  startup_stm32f103xb.o(.text)
    TAMPER_IRQHandler                        0x0800011b   Thumb Code     0  startup_stm32f103xb.o(.text)
    TIM1_BRK_IRQHandler                      0x0800011b   Thumb Code     0  startup_stm32f103xb.o(.text)
    TIM1_CC_IRQHandler                       0x0800011b   Thumb Code     0  startup_stm32f103xb.o(.text)
    TIM1_TRG_COM_IRQHandler                  0x0800011b   Thumb Code     0  startup_stm32f103xb.o(.text)
    TIM1_UP_IRQHandler                       0x0800011b   Thumb Code     0  startup_stm32f103xb.o(.text)
    TIM2_IRQHandler                          0x0800011b   Thumb Code     0  startup_stm32f103xb.o(.text)
    TIM3_IRQHandler                          0x0800011b   Thumb Code     0  startup_stm32f103xb.o(.text)
    TIM4_IRQHandler                          0x0800011b   Thumb Code     0  startup_stm32f103xb.o(.text)
    USART1_IRQHandler                        0x0800011b   Thumb Code     0  startup_stm32f103xb.o(.text)
    USART2_IRQHandler                        0x0800011b   Thumb Code     0  startup_stm32f103xb.o(.text)
    USART3_IRQHandler                        0x0800011b   Thumb Code     0  startup_stm32f103xb.o(.text)
    USBWakeUp_IRQHandler                     0x0800011b   Thumb Code     0  startup_stm32f103xb.o(.text)
    USB_HP_CAN1_TX_IRQHandler                0x0800011b   Thumb Code     0  startup_stm32f103xb.o(.text)
    USB_LP_CAN1_RX0_IRQHandler               0x0800011b   Thumb Code     0  startup_stm32f103xb.o(.text)
    WWDG_IRQHandler                          0x0800011b   Thumb Code     0  startup_stm32f103xb.o(.text)
    __aeabi_fadd                             0x08000125   Thumb Code   164  fadd.o(.text)
    __aeabi_fsub                             0x080001c9   Thumb Code     6  fadd.o(.text)
    __aeabi_frsub                            0x080001cf   Thumb Code     6  fadd.o(.text)
    __aeabi_fmul                             0x080001d5   Thumb Code   100  fmul.o(.text)
    __aeabi_dadd                             0x08000239   Thumb Code   322  dadd.o(.text)
    __aeabi_dsub                             0x0800037b   Thumb Code     6  dadd.o(.text)
    __aeabi_drsub                            0x08000381   Thumb Code     6  dadd.o(.text)
    __aeabi_dmul                             0x08000387   Thumb Code   228  dmul.o(.text)
    __aeabi_ddiv                             0x0800046b   Thumb Code   222  ddiv.o(.text)
    __aeabi_i2f                              0x08000549   Thumb Code    18  fflti.o(.text)
    __aeabi_f2iz                             0x0800055b   Thumb Code    50  ffixi.o(.text)
    __aeabi_f2uiz                            0x0800058d   Thumb Code    40  ffixui.o(.text)
    __aeabi_f2d                              0x080005b5   Thumb Code    38  f2d.o(.text)
    __aeabi_cdcmpeq                          0x080005dd   Thumb Code     0  cdcmple.o(.text)
    __aeabi_cdcmple                          0x080005dd   Thumb Code    48  cdcmple.o(.text)
    __aeabi_cdrcmple                         0x0800060d   Thumb Code    48  cdrcmple.o(.text)
    __aeabi_d2f                              0x0800063d   Thumb Code    56  d2f.o(.text)
    __aeabi_cfcmpeq                          0x08000675   Thumb Code     0  cfcmple.o(.text)
    __aeabi_cfcmple                          0x08000675   Thumb Code    20  cfcmple.o(.text)
    __aeabi_llsl                             0x08000689   Thumb Code    30  llshl.o(.text)
    _ll_shift_l                              0x08000689   Thumb Code     0  llshl.o(.text)
    __aeabi_lasr                             0x080006a7   Thumb Code    36  llsshr.o(.text)
    _ll_sshift_r                             0x080006a7   Thumb Code     0  llsshr.o(.text)
    __I$use$fp                               0x080006cb   Thumb Code     0  iusefp.o(.text)
    _float_round                             0x080006cb   Thumb Code    18  fepilogue.o(.text)
    _float_epilogue                          0x080006dd   Thumb Code    92  fepilogue.o(.text)
    _double_round                            0x08000739   Thumb Code    30  depilogue.o(.text)
    _double_epilogue                         0x08000757   Thumb Code   156  depilogue.o(.text)
    __scatterload                            0x080007f5   Thumb Code    28  init.o(.text)
    __scatterload_rt2                        0x080007f5   Thumb Code     0  init.o(.text)
    __aeabi_llsr                             0x08000819   Thumb Code    32  llushr.o(.text)
    _ll_ushift_r                             0x08000819   Thumb Code     0  llushr.o(.text)
    LL_GPIO_Init                             0x0800088d   Thumb Code   442  stm32f1xx_ll_gpio.o(i.LL_GPIO_Init)
    LL_Init1msTick                           0x08000ab1   Thumb Code    28  stm32f1xx_ll_utils.o(i.LL_Init1msTick)
    LL_SetSystemCoreClock                    0x08000acd   Thumb Code     6  stm32f1xx_ll_utils.o(i.LL_SetSystemCoreClock)
    LL_TIM_ENCODER_Init                      0x08000ad9   Thumb Code   640  stm32f1xx_ll_tim.o(i.LL_TIM_ENCODER_Init)
    LL_TIM_Init                              0x08000d9d   Thumb Code   228  stm32f1xx_ll_tim.o(i.LL_TIM_Init)
    SysTick_Handler                          0x08000f89   Thumb Code    10  horloge_generale.o(i.SysTick_Handler)
    SystemClock_Config                       0x08000f99   Thumb Code   212  main.o(i.SystemClock_Config)
    SystemInit                               0x08001079   Thumb Code    70  system_stm32f1xx.o(i.SystemInit)
    __scatterload_copy                       0x080010d1   Thumb Code    14  handlers.o(i.__scatterload_copy)
    __scatterload_null                       0x080010df   Thumb Code     2  handlers.o(i.__scatterload_null)
    __scatterload_zeroinit                   0x080010e1   Thumb Code    14  handlers.o(i.__scatterload_zeroinit)
    abso                                     0x080010ef   Thumb Code    22  bordage.o(i.abso)
    assert_failed                            0x08001105   Thumb Code     4  main.o(i.assert_failed)
    bougerPlateau                            0x08001109   Thumb Code   138  plateau.o(i.bougerPlateau)
    bougerVoile                              0x080011b1   Thumb Code   128  bordage.o(i.bougerVoile)
    funITinit_st                             0x08001245   Thumb Code     6  horloge_generale.o(i.funITinit_st)
    get_angle                                0x08001251   Thumb Code   178  bordage.o(i.get_angle)
    get_vitesse_sens                         0x08001321   Thumb Code   120  plateau.o(i.get_vitesse_sens)
    gpio_RF_init                             0x080013ad   Thumb Code    60  plateau.o(i.gpio_RF_init)
    gpio_gigi_init                           0x080013ed   Thumb Code    46  bordage.o(i.gpio_gigi_init)
    gpio_mcc_init                            0x08001421   Thumb Code    72  plateau.o(i.gpio_mcc_init)
    gpio_servom_init                         0x0800146d   Thumb Code    42  bordage.o(i.gpio_servom_init)
    main                                     0x080014a1   Thumb Code    94  main.o(i.main)
    run                                      0x08001509   Thumb Code    48  horloge_generale.o(i.run)
    run_IT                                   0x08001541   Thumb Code    22  horloge_generale.o(i.run_IT)
    timer_HG_init_st                         0x08001561   Thumb Code    74  horloge_generale.o(i.timer_HG_init_st)
    timer_RF_init                            0x080015bd   Thumb Code   216  plateau.o(i.timer_RF_init)
    timer_gigi_init                          0x080016a1   Thumb Code    96  bordage.o(i.timer_gigi_init)
    timer_pwm_init                           0x08001709   Thumb Code    94  bordage.o(i.timer_pwm_init)
    timer_pwm_mcc_init                       0x0800176d   Thumb Code    78  plateau.o(i.timer_pwm_mcc_init)
    Region$$Table$$Base                      0x08001800   Number         0  anon$$obj.o(Region$$Table)
    Region$$Table$$Limit                     0x08001820   Number         0  anon$$obj.o(Region$$Table)
    Ptr_ItFct_SysTick                        0x20000004   Data           4  horloge_generale.o(.data)
    girouette                                0x20000008   Data           4  horloge_generale.o(.data)
    plateau                                  0x2000000c   Data           4  horloge_generale.o(.data)
    vitesse                                  0x20000010   Data           4  plateau.o(.data)
    sens                                     0x20000014   Data           4  plateau.o(.data)
    i                                        0x20000018   Data           4  plateau.o(.data)
    SystemCoreClock                          0x2000001c   Data           4  system_stm32f1xx.o(.data)
    __initial_sp                             0x20000420   Data           0  startup_stm32f103xb.o(STACK)



==============================================================================

Memory Map of the image

  Image Entry point : 0x080000ed

  Load Region LR_IROM1 (Base: 0x08000000, Size: 0x00001840, Max: 0x00020000, ABSOLUTE)

    Execution Region ER_IROM1 (Exec base: 0x08000000, Load base: 0x08000000, Size: 0x00001820, Max: 0x00020000, ABSOLUTE)

    Exec Addr    Load Addr    Size         Type   Attr      Idx    E Section Name        Object

    0x08000000   0x08000000   0x000000ec   Data   RO          766    RESET               startup_stm32f103xb.o
    0x080000ec   0x080000ec   0x00000000   Code   RO          771  * .ARM.Collect$$$$00000000  mc_w.l(entry.o)
    0x080000ec   0x080000ec   0x00000004   Code   RO          800    .ARM.Collect$$$$00000001  mc_w.l(entry2.o)
    0x080000f0   0x080000f0   0x00000004   Code   RO          803    .ARM.Collect$$$$00000004  mc_w.l(entry5.o)
    0x080000f4   0x080000f4   0x00000000   Code   RO          805    .ARM.Collect$$$$00000008  mc_w.l(entry7b.o)
    0x080000f4   0x080000f4   0x00000000   Code   RO          807    .ARM.Collect$$$$0000000A  mc_w.l(entry8b.o)
    0x080000f4   0x080000f4   0x00000008   Code   RO          808    .ARM.Collect$$$$0000000B  mc_w.l(entry9a.o)
    0x080000fc   0x080000fc   0x00000000   Code   RO          810    .ARM.Collect$$$$0000000D  mc_w.l(entry10a.o)
    0x080000fc   0x080000fc   0x00000000   Code   RO          812    .ARM.Collect$$$$0000000F  mc_w.l(entry11a.o)
    0x080000fc   0x080000fc   0x00000004   Code   RO          801    .ARM.Collect$$$$00002712  mc_w.l(entry2.o)
    0x08000100   0x08000100   0x00000024   Code   RO          767    .text               startup_stm32f103xb.o
    0x08000124   0x08000124   0x000000b0   Code   RO          774    .text               mf_w.l(fadd.o)
    0x080001d4   0x080001d4   0x00000064   Code   RO          776    .text               mf_w.l(fmul.o)
    0x08000238   0x08000238   0x0000014e   Code   RO          778    .text               mf_w.l(dadd.o)
    0x08000386   0x08000386   0x000000e4   Code   RO          780    .text               mf_w.l(dmul.o)
    0x0800046a   0x0800046a   0x000000de   Code   RO          782    .text               mf_w.l(ddiv.o)
    0x08000548   0x08000548   0x00000012   Code   RO          784    .text               mf_w.l(fflti.o)
    0x0800055a   0x0800055a   0x00000032   Code   RO          786    .text               mf_w.l(ffixi.o)
    0x0800058c   0x0800058c   0x00000028   Code   RO          788    .text               mf_w.l(ffixui.o)
    0x080005b4   0x080005b4   0x00000026   Code   RO          790    .text               mf_w.l(f2d.o)
    0x080005da   0x080005da   0x00000002   PAD
    0x080005dc   0x080005dc   0x00000030   Code   RO          792    .text               mf_w.l(cdcmple.o)
    0x0800060c   0x0800060c   0x00000030   Code   RO          794    .text               mf_w.l(cdrcmple.o)
    0x0800063c   0x0800063c   0x00000038   Code   RO          796    .text               mf_w.l(d2f.o)
    0x08000674   0x08000674   0x00000014   Code   RO          798    .text               mf_w.l(cfcmple.o)
    0x08000688   0x08000688   0x0000001e   Code   RO          814    .text               mc_w.l(llshl.o)
    0x080006a6   0x080006a6   0x00000024   Code   RO          816    .text               mc_w.l(llsshr.o)
    0x080006ca   0x080006ca   0x00000000   Code   RO          818    .text               mc_w.l(iusefp.o)
    0x080006ca   0x080006ca   0x0000006e   Code   RO          819    .text               mf_w.l(fepilogue.o)
    0x08000738   0x08000738   0x000000ba   Code   RO          821    .text               mf_w.l(depilogue.o)
    0x080007f2   0x080007f2   0x00000002   PAD
    0x080007f4   0x080007f4   0x00000024   Code   RO          823    .text               mc_w.l(init.o)
    0x08000818   0x08000818   0x00000020   Code   RO          825    .text               mc_w.l(llushr.o)
    0x08000838   0x08000838   0x0000001c   Code   RO          255    i.LL_APB1_GRP1_EnableClock  plateau.o
    0x08000854   0x08000854   0x0000001c   Code   RO           95    i.LL_APB2_GRP1_EnableClock  bordage.o
    0x08000870   0x08000870   0x0000001c   Code   RO          256    i.LL_APB2_GRP1_EnableClock  plateau.o
    0x0800088c   0x0800088c   0x000001f8   Code   RO          681    i.LL_GPIO_Init      stm32f1xx_ll_gpio.o
    0x08000a84   0x08000a84   0x0000002c   Code   RO           96    i.LL_GPIO_SetPinMode  bordage.o
    0x08000ab0   0x08000ab0   0x0000001c   Code   RO          422    i.LL_Init1msTick    stm32f1xx_ll_utils.o
    0x08000acc   0x08000acc   0x0000000c   Code   RO          429    i.LL_SetSystemCoreClock  stm32f1xx_ll_utils.o
    0x08000ad8   0x08000ad8   0x000002b0   Code   RO          528    i.LL_TIM_ENCODER_Init  stm32f1xx_ll_tim.o
    0x08000d88   0x08000d88   0x0000000a   Code   RO           97    i.LL_TIM_EnableCounter  bordage.o
    0x08000d92   0x08000d92   0x0000000a   Code   RO          257    i.LL_TIM_EnableCounter  plateau.o
    0x08000d9c   0x08000d9c   0x00000114   Code   RO          534    i.LL_TIM_Init       stm32f1xx_ll_tim.o
    0x08000eb0   0x08000eb0   0x0000006c   Code   RO           98    i.LL_TIM_OC_SetMode  bordage.o
    0x08000f1c   0x08000f1c   0x0000006c   Code   RO          258    i.LL_TIM_OC_SetMode  plateau.o
    0x08000f88   0x08000f88   0x00000010   Code   RO          190    i.SysTick_Handler   horloge_generale.o
    0x08000f98   0x08000f98   0x000000e0   Code   RO            4    i.SystemClock_Config  main.o
    0x08001078   0x08001078   0x00000058   Code   RO          731    i.SystemInit        system_stm32f1xx.o
    0x080010d0   0x080010d0   0x0000000e   Code   RO          829    i.__scatterload_copy  mc_w.l(handlers.o)
    0x080010de   0x080010de   0x00000002   Code   RO          830    i.__scatterload_null  mc_w.l(handlers.o)
    0x080010e0   0x080010e0   0x0000000e   Code   RO          831    i.__scatterload_zeroinit  mc_w.l(handlers.o)
    0x080010ee   0x080010ee   0x00000016   Code   RO           99    i.abso              bordage.o
    0x08001104   0x08001104   0x00000004   Code   RO            5    i.assert_failed     main.o
    0x08001108   0x08001108   0x000000a8   Code   RO          259    i.bougerPlateau     plateau.o
    0x080011b0   0x080011b0   0x00000094   Code   RO          100    i.bougerVoile       bordage.o
    0x08001244   0x08001244   0x0000000c   Code   RO          191    i.funITinit_st      horloge_generale.o
    0x08001250   0x08001250   0x000000d0   Code   RO          101    i.get_angle         bordage.o
    0x08001320   0x08001320   0x0000008c   Code   RO          260    i.get_vitesse_sens  plateau.o
    0x080013ac   0x080013ac   0x00000040   Code   RO          261    i.gpio_RF_init      plateau.o
    0x080013ec   0x080013ec   0x00000034   Code   RO          102    i.gpio_gigi_init    bordage.o
    0x08001420   0x08001420   0x0000004c   Code   RO          262    i.gpio_mcc_init     plateau.o
    0x0800146c   0x0800146c   0x00000034   Code   RO          103    i.gpio_servom_init  bordage.o
    0x080014a0   0x080014a0   0x00000068   Code   RO            6    i.main              main.o
    0x08001508   0x08001508   0x00000038   Code   RO          192    i.run               horloge_generale.o
    0x08001540   0x08001540   0x00000020   Code   RO          193    i.run_IT            horloge_generale.o
    0x08001560   0x08001560   0x0000005c   Code   RO          194    i.timer_HG_init_st  horloge_generale.o
    0x080015bc   0x080015bc   0x000000e4   Code   RO          263    i.timer_RF_init     plateau.o
    0x080016a0   0x080016a0   0x00000068   Code   RO          104    i.timer_gigi_init   bordage.o
    0x08001708   0x08001708   0x00000064   Code   RO          105    i.timer_pwm_init    bordage.o
    0x0800176c   0x0800176c   0x0000004e   Code   RO          264    i.timer_pwm_mcc_init  plateau.o
    0x080017ba   0x080017ba   0x00000023   Data   RO          106    .constdata          bordage.o
    0x080017dd   0x080017dd   0x00000023   Data   RO          265    .constdata          plateau.o
    0x08001800   0x08001800   0x00000020   Data   RO          827    Region$$Table       anon$$obj.o


    Execution Region RW_IRAM1 (Exec base: 0x20000000, Load base: 0x08001820, Size: 0x00000420, Max: 0x00005000, ABSOLUTE)

    Exec Addr    Load Addr    Size         Type   Attr      Idx    E Section Name        Object

    0x20000000   0x08001820   0x00000004   Data   RW          107    .data               bordage.o
    0x20000004   0x08001824   0x0000000c   Data   RW          196    .data               horloge_generale.o
    0x20000010   0x08001830   0x0000000c   Data   RW          266    .data               plateau.o
    0x2000001c   0x0800183c   0x00000004   Data   RW          733    .data               system_stm32f1xx.o
    0x20000020        -       0x00000400   Zero   RW          764    STACK               startup_stm32f103xb.o


==============================================================================

Image component sizes


      Code (inc. data)   RO Data    RW Data    ZI Data      Debug   Object Name

       876         94         35          4          0      40332   bordage.o
       208         48          0         12          0      53584   horloge_generale.o
       332         22          0          0          0     387980   main.o
       928         88         35         12          0      37408   plateau.o
        36          8        236          0       1024        744   startup_stm32f103xb.o
       504         62          0          0          0      10303   stm32f1xx_ll_gpio.o
       964         96          0          0          0      29956   stm32f1xx_ll_tim.o
        40          6          0          0          0       1989   stm32f1xx_ll_utils.o
        88         18          0          4          0       1063   system_stm32f1xx.o

    ----------------------------------------------------------------------
      3976        442        338         32       1024     563359   Object Totals
         0          0         32          0          0          0   (incl. Generated)
         0          0          0          0          0          0   (incl. Padding)

    ----------------------------------------------------------------------

      Code (inc. data)   RO Data    RW Data    ZI Data      Debug   Library Member Name

         0          0          0          0          0          0   entry.o
         0          0          0          0          0          0   entry10a.o
         0          0          0          0          0          0   entry11a.o
         8          4          0          0          0          0   entry2.o
         4          0          0          0          0          0   entry5.o
         0          0          0          0          0          0   entry7b.o
         0          0          0          0          0          0   entry8b.o
         8          4          0          0          0          0   entry9a.o
        30          0          0          0          0          0   handlers.o
        36          8          0          0          0         68   init.o
         0          0          0          0          0          0   iusefp.o
        30          0          0          0          0         68   llshl.o
        36          0          0          0          0         68   llsshr.o
        32          0          0          0          0         68   llushr.o
        48          0          0          0          0         68   cdcmple.o
        48          0          0          0          0         68   cdrcmple.o
        20          0          0          0          0         68   cfcmple.o
        56          0          0          0          0         88   d2f.o
       334          0          0          0          0        148   dadd.o
       222          0          0          0          0        100   ddiv.o
       186          0          0          0          0        176   depilogue.o
       228          0          0          0          0         96   dmul.o
        38          0          0          0          0         68   f2d.o
       176          0          0          0          0        140   fadd.o
       110          0          0          0          0        168   fepilogue.o
        50          0          0          0          0         68   ffixi.o
        40          0          0          0          0         68   ffixui.o
        18          0          0          0          0         68   fflti.o
       100          0          0          0          0         76   fmul.o

    ----------------------------------------------------------------------
      1862         16          0          0          0       1740   Library Totals
         4          0          0          0          0          0   (incl. Padding)

    ----------------------------------------------------------------------

      Code (inc. data)   RO Data    RW Data    ZI Data      Debug   Library Name

       184         16          0          0          0        272   mc_w.l
      1674          0          0          0          0       1468   mf_w.l

    ----------------------------------------------------------------------
      1862         16          0          0          0       1740   Library Totals

    ----------------------------------------------------------------------

==============================================================================


      Code (inc. data)   RO Data    RW Data    ZI Data      Debug   

      5838        458        338         32       1024     562703   Grand Totals
      5838        458        338         32       1024     562703   ELF Image Totals
      5838        458        338         32          0          0   ROM Totals

==============================================================================

    Total RO  Size (Code + RO Data)                 6176 (   6.03kB)
    Total RW  Size (RW Data + ZI Data)              1056 (   1.03kB)
    Total ROM Size (Code + RO Data + RW Data)       6208 (   6.06kB)

==============================================================================

