<html>
<body>
<pre>
<h1>µVision Build Log</h1>
<h2>Tool Versions:</h2>
IDE-Version: µVision V5.25.2.0
Copyright (C) 2018 ARM Ltd and ARM Germany GmbH. All rights reserved.
License Information: CSN CSN, INSA de Toulouse, LIC=----
 
Tool Versions:
Toolchain:       MDK-Lite  Version: 5.25.2.0
Toolchain Path:  C:\Keil_v5\ARM\ARMCC\Bin
C Compiler:      Armcc.exe V5.06 update 6 (build 750)
Assembler:       Armasm.exe V5.06 update 6 (build 750)
Linker/Locator:  ArmLink.exe V5.06 update 6 (build 750)
Library Manager: ArmAr.exe V5.06 update 6 (build 750)
Hex Converter:   FromElf.exe V5.06 update 6 (build 750)
CPU DLL:         SARMCM3.DLL V5.25.2.0
Dialog DLL:      DARMSTM.DLL V1.68.0.0
Target DLL:      UL2CM3.DLL V1.160.12.0
Dialog DLL:      TARMSTM.DLL V1.66.0.0
 
<h2>Project:</h2>
U:\Windows\Bureau\Avoile\MDK-ARM\Woilier.uvprojx
Project File Date:  11/22/2019

<h2>Output:</h2>
*** Using Compiler 'V5.06 update 6 (build 750)', folder: 'C:\Keil_v5\ARM\ARMCC\Bin'
Build target 'NUCLEO-F103RB'
compiling bordage.c...
..\Src\bordage.h(8): warning:  #1295-D: Deprecated declaration gpio_gigi_init - give arg types
  void gpio_gigi_init();
..\Src\bordage.h(10): warning:  #1295-D: Deprecated declaration timer_gigi_init - give arg types
  void timer_gigi_init();
..\Src\bordage.h(12): warning:  #1295-D: Deprecated declaration get_angle - give arg types
  void get_angle();
..\Src\bordage.h(14): warning:  #1295-D: Deprecated declaration generatePWM - give arg types
  void generatePWM();
..\Src\bordage.h(18): warning:  #1295-D: Deprecated declaration gpio_servom_init - give arg types
  void gpio_servom_init();
..\Src\bordage.h(20): warning:  #1-D: last line of file ends without a newline
  void timer_pwm_init();
..\Src\bordage.h(20): warning:  #1295-D: Deprecated declaration timer_pwm_init - give arg types
  void timer_pwm_init();
..\Src\bordage.c: 7 warnings, 0 errors
linking...
Program Size: Code=4836 RO-data=268 RW-data=20 ZI-data=1028  
"NUCLEO-F103RB\NUCLEO-F103RB.axf" - 0 Error(s), 7 Warning(s).

<h2>Software Packages used:</h2>

Package Vendor: ARM
                http://www.keil.com/pack/ARM.CMSIS.5.3.0.pack
                ARM.CMSIS.5.3.0
                CMSIS (Cortex Microcontroller Software Interface Standard)
   * Component: CORE Version: 5.1.1

Package Vendor: Keil
                http://www.keil.com/pack/Keil.STM32F1xx_DFP.2.2.0.pack
                Keil.STM32F1xx_DFP.2.2.0
                STMicroelectronics STM32F1 Series Device Support, Drivers and Examples

<h2>Collection of Component include folders:</h2>
  .\RTE\_NUCLEO-F103RB
  C:\Keil_v5\ARM\PACK\ARM\CMSIS\5.3.0\CMSIS\Include
  C:\Keil_v5\ARM\PACK\Keil\STM32F1xx_DFP\2.2.0\Device\Include

<h2>Collection of Component Files used:</h2>

   * Component: ARM::CMSIS:CORE:5.1.1
Build Time Elapsed:  00:00:03
</pre>
</body>
</html>
